// Jest Snapshot v1, https://goo.gl/fbAQLP

exports[`Header renders correctly 1`] = `
<div
  className="StyledBox-sc-13pk1d4-0 dnSXwv"
>
  <svg
    aria-label="Star"
    className="StyledIcon-ofa7kd-0 jiMfcF"
    viewBox="0 0 24 24"
  >
    <polygon
      fill="#FFC95E"
      fillRule="evenodd"
      points="12 16.667 5 22 8 14 2 9.5 9.5 9.5 12 2 14.5 9.5 22 9.5 16 14 19 22"
    />
  </svg>
</div>
`;
